
9702_s25_qp_21.pdf: detected 7 questions
  question 1: source pages 4-5
  question 2: source pages 6-7
  question 3: source pages 8-9
  question 4: source pages 10-11
  question 5: source pages 12-13
  question 6: source pages 14-15
  question 7: source pages 16-16
  wrote question_01.png and question_01.txt (7 content bands)
  wrote figure_1_1.png
  wrote figure_1_2.png
  wrote question_01.json
  wrote question_02.png and question_02.txt (7 content bands)
  wrote figure_2_1.png
  wrote figure_2_2.png
  wrote question_02.json
  wrote question_03.png and question_03.txt (8 content bands)
  wrote figure_3_1.png
  wrote figure_3_2.png
  wrote question_03.json
  wrote question_04.png and question_04.txt (5 content bands)
  wrote figure_4_1.png
  wrote figure_4_2.png
  wrote figure_4_3.png
  wrote question_04.json
  wrote question_05.png and question_05.txt (6 content bands)
  wrote figure_5_1.png
  wrote question_05.json
  wrote question_06.png and question_06.txt (7 content bands)
  wrote figure_6_1.png
  wrote figure_6_2.png
  wrote question_06.json
  wrote question_07.png and question_07.txt (4 content bands)
  wrote question_07.json
  output folder: /Users/usman.zafar/PaperScript/output/9702_s25_qp_21

9702_s25_qp_22.pdf: detected 7 questions
  question 1: source pages 4-5
  question 2: source pages 6-7
  question 3: source pages 8-9
  question 4: source pages 10-11
  question 5: source pages 12-13
  question 6: source pages 14-16
  question 7: source pages 17-17
  wrote question_01.png and question_01.txt (6 content bands)
  wrote question_01.json
  wrote question_02.png and question_02.txt (6 content bands)
  wrote figure_2_1.png
  wrote figure_2_2.png
  wrote question_02.json
  wrote question_03.png and question_03.txt (5 content bands)
  wrote figure_3_1.png
  wrote figure_3_2.png
  wrote question_03.json
  wrote question_04.png and question_04.txt (6 content bands)
  wrote figure_4_1.png
  wrote question_04.json
  wrote question_05.png and question_05.txt (5 content bands)
  wrote figure_5_1.png
  wrote question_05.json
  wrote question_06.png and question_06.txt (9 content bands)
  wrote figure_6_1.png
  wrote figure_6_2.png
  wrote question_06.json
  wrote question_07.png and question_07.txt (4 content bands)
  wrote question_07.json
  output folder: /Users/usman.zafar/PaperScript/output/9702_s25_qp_22

9702_s25_qp_23.pdf: detected 8 questions
  question 1: source pages 4-5
  question 2: source pages 6-7
  question 3: source pages 8-9
  question 4: source pages 11-11
  question 5: source pages 12-13
  question 6: source pages 14-15
  question 7: source pages 16-17
  question 8: source pages 18-18
  wrote question_01.png and question_01.txt (6 content bands)
  wrote figure_1_1.png
  wrote figure_1_2.png
  wrote question_01.json
  wrote question_02.png and question_02.txt (6 content bands)
  wrote figure_2_1.png
  wrote figure_2_2.png
  wrote question_02.json
  wrote question_03.png and question_03.txt (7 content bands)
  wrote figure_3_1.png
  wrote figure_3_2.png
  wrote question_03.json
  wrote question_04.png and question_04.txt (4 content bands)
  wrote figure_4_1.png
  wrote question_04.json
  wrote question_05.png and question_05.txt (4 content bands)
  wrote figure_5_1.png
  wrote figure_5_2.png
  wrote question_05.json
  wrote question_06.png and question_06.txt (6 content bands)
  wrote figure_6_1.png
  wrote question_06.json
  wrote question_07.png and question_07.txt (6 content bands)
  wrote figure_7_1.png
  wrote question_07.json
  wrote question_08.png and question_08.txt (2 content bands)
  wrote question_08.json
  output folder: /Users/usman.zafar/PaperScript/output/9702_s25_qp_23

9702_s25_qp_24.pdf: detected 7 questions
  question 1: source pages 3-3
  question 2: source pages 4-5
  question 3: source pages 6-7
  question 4: source pages 8-9
  question 5: source pages 10-11
  question 6: source pages 12-13
  question 7: source pages 15-15
  wrote question_01.png and question_01.txt (5 content bands)
  wrote figure_1_1.png
  wrote question_01.json
  wrote question_02.png and question_02.txt (7 content bands)
  wrote figure_2_1.png
  wrote figure_2_2.png
  wrote question_02.json
  wrote question_03.png and question_03.txt (7 content bands)
  wrote figure_3_1.png
  wrote figure_3_2.png
  wrote question_03.json
  wrote question_04.png and question_04.txt (9 content bands)
  wrote figure_4_1.png
  wrote question_04.json
  wrote question_05.png and question_05.txt (5 content bands)
  wrote figure_5_1.png
  wrote figure_5_2.png
  wrote question_05.json
  wrote question_06.png and question_06.txt (6 content bands)
  wrote figure_6_1.png
  wrote figure_6_2.png
  wrote question_06.json
  wrote question_07.png and question_07.txt (3 content bands)
  wrote question_07.json
  output folder: /Users/usman.zafar/PaperScript/output/9702_s25_qp_24

9702_s25_qp_31.pdf: detected 2 questions
  question 1: source pages 2-6
  question 2: source pages 7-11
  wrote question_01.png and question_01.txt (12 content bands)
  wrote figure_1_1.png
  wrote question_01.json
  wrote question_02.png and question_02.txt (16 content bands)
  wrote figure_2_1.png
  wrote figure_2_2.png
  wrote question_02.json
  output folder: /Users/usman.zafar/PaperScript/output/9702_s25_qp_31

9702_s25_qp_32.pdf: detected 2 questions
  question 1: source pages 2-6
  question 2: source pages 7-11
  wrote question_01.png and question_01.txt (10 content bands)
  wrote figure_1_1.png
  wrote figure_1_2.png
  wrote question_01.json
  wrote question_02.png and question_02.txt (16 content bands)
  wrote figure_2_1.png
  wrote figure_2_2.png
  wrote question_02.json
  output folder: /Users/usman.zafar/PaperScript/output/9702_s25_qp_32

9702_s25_qp_33.pdf: detected 2 questions
  question 1: source pages 2-6
  question 2: source pages 7-12
  wrote question_01.png and question_01.txt (10 content bands)
  wrote figure_1_1.png
  wrote figure_1_2.png
  wrote question_01.json
  wrote question_02.png and question_02.txt (18 content bands)
  wrote figure_2_1.png
  wrote figure_2_2.png
  wrote figure_2_3.png
  wrote question_02.json
  output folder: /Users/usman.zafar/PaperScript/output/9702_s25_qp_33

9702_s25_qp_34.pdf: detected 2 questions
  question 1: source pages 2-6
  question 2: source pages 8-12
  wrote question_01.png and question_01.txt (10 content bands)
  wrote figure_1_1.png
  wrote figure_1_2.png
  wrote question_01.json
  wrote question_02.png and question_02.txt (17 content bands)
  wrote figure_2_1.png
  wrote question_02.json
  output folder: /Users/usman.zafar/PaperScript/output/9702_s25_qp_34

9702_s25_qp_35.pdf: detected 2 questions
  question 1: source pages 3-8
  question 2: source pages 10-15
  wrote question_01.png and question_01.txt (11 content bands)
  wrote figure_1_1.png
  wrote figure_1_2.png
  wrote figure_1_3.png
  wrote figure_1_4.png
  wrote question_01.json
  wrote question_02.png and question_02.txt (15 content bands)
  wrote figure_2_1.png
  wrote figure_2_2.png
  wrote figure_2_3.png
  wrote figure_2_4.png
  wrote figure_2_5.png
  wrote question_02.json
  output folder: /Users/usman.zafar/PaperScript/output/9702_s25_qp_35

9702_s25_qp_37.pdf: detected 2 questions
  question 1: source pages 2-6
  question 2: source pages 7-12
  wrote question_01.png and question_01.txt (10 content bands)
  wrote figure_1_1.png
  wrote figure_1_2.png
  wrote question_01.json
  wrote question_02.png and question_02.txt (18 content bands)
  wrote figure_2_1.png
  wrote figure_2_2.png
  wrote figure_2_3.png
  wrote question_02.json
  output folder: /Users/usman.zafar/PaperScript/output/9702_s25_qp_37

9702_s25_qp_38.pdf: detected 2 questions
  question 1: source pages 2-6
  question 2: source pages 8-12
  wrote question_01.png and question_01.txt (10 content bands)
  wrote figure_1_1.png
  wrote figure_1_2.png
  wrote question_01.json
  wrote question_02.png and question_02.txt (17 content bands)
  wrote figure_2_1.png
  wrote question_02.json
  output folder: /Users/usman.zafar/PaperScript/output/9702_s25_qp_38

9702_s25_qp_41.pdf: detected 9 questions
  question 1: source pages 4-5
  question 2: source pages 6-7
  question 3: source pages 8-8
  question 4: source pages 9-9
  question 5: source pages 10-11
  question 6: source pages 12-14
  question 8: source pages 16-17
  question 9: source pages 18-19
  question 10: source pages 20-21
  wrote question_01.png and question_01.txt (7 content bands)
  wrote question_01.json
  wrote question_02.png and question_02.txt (9 content bands)
  wrote figure_2_1.png
  wrote question_02.json
  wrote question_03.png and question_03.txt (4 content bands)
  wrote question_03.json
  wrote question_04.png and question_04.txt (3 content bands)
  wrote question_04.json
  wrote question_05.png and question_05.txt (3 content bands)
  wrote figure_5_1.png
  wrote figure_5_2.png
  wrote figure_5_3.png
  wrote figure_5_4.png
  wrote question_05.json
  wrote question_06.png and question_06.txt (13 content bands)
  wrote figure_6_1.png
  wrote figure_6_2.png
  wrote figure_6_3.png
  wrote figure_7_1.png
  wrote question_06.json
  wrote question_08.png and question_08.txt (9 content bands)
  wrote question_08.json
  wrote question_09.png and question_09.txt (7 content bands)
  wrote figure_9_1.png
  wrote question_09.json
  wrote question_10.png and question_10.txt (7 content bands)
  wrote question_10.json
  output folder: /Users/usman.zafar/PaperScript/output/9702_s25_qp_41

9702_s25_qp_42.pdf: detected 10 questions
  question 1: source pages 4-5
  question 2: source pages 6-7
  question 3: source pages 8-9
  question 4: source pages 10-11
  question 5: source pages 12-13
  question 6: source pages 14-15
  question 7: source pages 16-17
  question 8: source pages 18-19
  question 9: source pages 20-21
  question 10: source pages 22-23
  wrote question_01.png and question_01.txt (8 content bands)
  wrote figure_1_1.png
  wrote question_01.json
  wrote question_02.png and question_02.txt (9 content bands)
  wrote figure_2_1.png
  wrote figure_2_2.png
  wrote figure_2_3.png
  wrote question_02.json
  wrote question_03.png and question_03.txt (9 content bands)
  wrote question_03.json
  wrote question_04.png and question_04.txt (4 content bands)
  wrote figure_4_1.png
  wrote question_04.json
  wrote question_05.png and question_05.txt (6 content bands)
  wrote figure_5_1.png
  wrote question_05.json
  wrote question_06.png and question_06.txt (6 content bands)
  wrote figure_6_1.png
  wrote question_06.json
  wrote question_07.png and question_07.txt (6 content bands)
  wrote figure_7_1.png
  wrote question_07.json
  wrote question_08.png and question_08.txt (6 content bands)
  wrote figure_8_1.png
  wrote figure_8_2.png
  wrote figure_8_3.png
  wrote question_08.json
  wrote question_09.png and question_09.txt (5 content bands)
  wrote figure_9_1.png
  wrote question_09.json
  wrote question_10.png and question_10.txt (5 content bands)
  wrote figure_10_1.png
  wrote question_10.json
  output folder: /Users/usman.zafar/PaperScript/output/9702_s25_qp_42

9702_s25_qp_43.pdf: detected 9 questions
  question 1: source pages 4-5
  question 2: source pages 6-7
  question 3: source pages 8-8
  question 4: source pages 9-9
  question 5: source pages 10-11
  question 6: source pages 12-14
  question 8: source pages 16-17
  question 9: source pages 18-19
  question 10: source pages 20-21
  wrote question_01.png and question_01.txt (7 content bands)
  wrote question_01.json
  wrote question_02.png and question_02.txt (9 content bands)
  wrote figure_2_1.png
  wrote question_02.json
  wrote question_03.png and question_03.txt (4 content bands)
  wrote question_03.json
  wrote question_04.png and question_04.txt (3 content bands)
  wrote question_04.json
  wrote question_05.png and question_05.txt (3 content bands)
  wrote figure_5_1.png
  wrote figure_5_2.png
  wrote figure_5_3.png
  wrote figure_5_4.png
  wrote question_05.json
  wrote question_06.png and question_06.txt (13 content bands)
  wrote figure_6_1.png
  wrote figure_6_2.png
  wrote figure_6_3.png
  wrote figure_7_1.png
  wrote question_06.json
  wrote question_08.png and question_08.txt (9 content bands)
  wrote question_08.json
  wrote question_09.png and question_09.txt (7 content bands)
  wrote figure_9_1.png
  wrote question_09.json
  wrote question_10.png and question_10.txt (7 content bands)
  wrote question_10.json
  output folder: /Users/usman.zafar/PaperScript/output/9702_s25_qp_43

9702_s25_qp_44.pdf: detected 11 questions
  question 1: source pages 4-5
  question 2: source pages 6-6
  question 3: source pages 7-7
  question 4: source pages 8-9
  question 5: source pages 10-11
  question 6: source pages 12-13
  question 7: source pages 14-15
  question 8: source pages 16-17
  question 9: source pages 18-19
  question 10: source pages 20-21
  question 11: source pages 23-23
  wrote question_01.png and question_01.txt (8 content bands)
  wrote question_01.json
  wrote question_02.png and question_02.txt (6 content bands)
  wrote question_02.json
  wrote question_03.png and question_03.txt (5 content bands)
  wrote question_03.json
  wrote question_04.png and question_04.txt (7 content bands)
  wrote figure_4_1.png
  wrote figure_4_2.png
  wrote question_04.json
  wrote question_05.png and question_05.txt (7 content bands)
  wrote question_05.json
  wrote question_06.png and question_06.txt (5 content bands)
  wrote figure_6_1.png
  wrote figure_6_2.png
  wrote question_06.json
  wrote question_07.png and question_07.txt (7 content bands)
  wrote figure_7_1.png
  wrote question_07.json
  wrote question_08.png and question_08.txt (8 content bands)
  wrote figure_8_1.png
  wrote figure_8_2.png
  wrote question_08.json
  wrote question_09.png and question_09.txt (8 content bands)
  wrote figure_9_1.png
  wrote figure_9_2.png
  wrote question_09.json
  wrote question_10.png and question_10.txt (6 content bands)
  wrote figure_10_1.png
  wrote question_10.json
  wrote question_11.png and question_11.txt (5 content bands)
  wrote question_11.json
  output folder: /Users/usman.zafar/PaperScript/output/9702_s25_qp_44

9702_s25_qp_51.pdf: detected 2 questions
  question 1: source pages 2-4
  question 2: source pages 5-8
  wrote question_01.png and question_01.txt (2 content bands)
  wrote figure_1_1.png
  wrote question_01.json
  wrote question_02.png and question_02.txt (10 content bands)
  wrote figure_2_1.png
  wrote question_02.json
  output folder: /Users/usman.zafar/PaperScript/output/9702_s25_qp_51

9702_s25_qp_52.pdf: detected 2 questions
  question 1: source pages 2-4
  question 2: source pages 5-8
  wrote question_01.png and question_01.txt (2 content bands)
  wrote figure_1_1.png
  wrote question_01.json
  wrote question_02.png and question_02.txt (9 content bands)
  wrote figure_2_1.png
  wrote question_02.json
  output folder: /Users/usman.zafar/PaperScript/output/9702_s25_qp_52

9702_s25_qp_53.pdf: detected 2 questions
  question 1: source pages 2-4
  question 2: source pages 5-8
  wrote question_01.png and question_01.txt (2 content bands)
  wrote figure_1_1.png
  wrote question_01.json
  wrote question_02.png and question_02.txt (10 content bands)
  wrote figure_2_1.png
  wrote question_02.json
  output folder: /Users/usman.zafar/PaperScript/output/9702_s25_qp_53

9702_s25_qp_54.pdf: detected 2 questions
  question 1: source pages 2-4
  question 2: source pages 5-8
  wrote question_01.png and question_01.txt (3 content bands)
  wrote figure_1_1.png
  wrote question_01.json
  wrote question_02.png and question_02.txt (9 content bands)
  wrote question_02.json
  output folder: /Users/usman.zafar/PaperScript/output/9702_s25_qp_54
